// Jest Snapshot v1, https://goo.gl/fbAQLP

exports[`Authentication Component should shallow render a basic component without login 1`] = `
<span
  id="test"
>
  lorem
</span>
`;

exports[`Authentication Component should shallow snapshot a basic component with login 1`] = `
<Authentication
  checkUser={[Function]}
  loginUser={[Function]}
  session={
    Object {
      "error": false,
      "loginFailed": false,
      "pending": true,
    }
  }
>
  <span
    className="test"
  >
    lorem
  </span>
</Authentication>
`;
