// Jest Snapshot v1, https://goo.gl/fbAQLP

exports[`PageLayout Component should render a basic component: basic 1`] = `
<PageLayout
  brand={false}
  logoutUser={[Function]}
  user={
    Object {
      "username": "Admin",
    }
  }
>
  <div>
    test child
  </div>
</PageLayout>
`;

exports[`PageLayout Component should render mobile navigation: mobile 1`] = `
<PageLayout
  brand={false}
  logoutUser={[Function]}
  user={Object {}}
>
  <BackgroundImage
    className=""
    src={
      Object {
        "filter": "background-filter.svg#image_overlay",
        "lg": "pfbg_1200.jpg",
        "sm": "pfbg_768.jpg",
        "sm2x": "pfbg_768@2x.jpg",
        "undefined": "pfbg_2000.jpg",
        "xs": "pfbg_576.jpg",
        "xs2x": "pfbg_576@2x.jpg",
      }
    }
  >
    <div
      className="pf-c-background-image css-1p97zyn"
    />
  </BackgroundImage>
  <Page
    className="layout-pf layout-pf-fixed"
    header={
      <PageHeader
        aria-label="Global navigation"
        avatar={null}
        className="cloudmeter-nav"
        isNavOpen={true}
        logo={
          <Brand
            alt="Cloud Meter Logo"
            className=""
            src="title.svg"
          />
        }
        logoProps={null}
        onNavToggle={[Function]}
        showNavToggle={false}
        title="Cloud Meter"
        toolbar={
          <Toolbar
            className={null}
          >
            <ToolbarGroup
              className={null}
            >
              <ToolbarItem
                className={null}
              >
                <Dropdown
                  className=""
                  direction="down"
                  dropdownItems={
                    Array [
                      <Item
                        className=""
                        component="button"
                        href="#"
                        isDisabled={false}
                        isHovered={false}
                        onClick={[Function]}
                      >
                        About
                      </Item>,
                      <Item
                        className=""
                        component="button"
                        href="#"
                        isDisabled={false}
                        isHovered={false}
                        onClick={[Function]}
                      >
                        Logout
                      </Item>,
                    ]
                  }
                  isOpen={false}
                  isPlain={true}
                  onSelect={[Function]}
                  position="right"
                  toggle={
                    <Kebab
                      aria-label="Actions"
                      className=""
                      id=""
                      isActive={false}
                      isDisabled={false}
                      isFocused={false}
                      isHovered={false}
                      isOpen={false}
                      isPlain={false}
                      onToggle={[Function]}
                      parentRef={null}
                    />
                  }
                />
              </ToolbarItem>
            </ToolbarGroup>
          </Toolbar>
        }
        topNav={null}
      />
    }
    isManagedSidebar={false}
    onPageResize={[Function]}
    sidebar={null}
  >
    <div
      className="pf-c-page layout-pf layout-pf-fixed"
    >
      <PageHeader
        aria-label="Global navigation"
        avatar={null}
        className="cloudmeter-nav"
        isNavOpen={true}
        logo={
          <Brand
            alt="Cloud Meter Logo"
            className=""
            src="title.svg"
          />
        }
        logoProps={null}
        onNavToggle={[Function]}
        showNavToggle={false}
        title="Cloud Meter"
        toolbar={
          <Toolbar
            className={null}
          >
            <ToolbarGroup
              className={null}
            >
              <ToolbarItem
                className={null}
              >
                <Dropdown
                  className=""
                  direction="down"
                  dropdownItems={
                    Array [
                      <Item
                        className=""
                        component="button"
                        href="#"
                        isDisabled={false}
                        isHovered={false}
                        onClick={[Function]}
                      >
                        About
                      </Item>,
                      <Item
                        className=""
                        component="button"
                        href="#"
                        isDisabled={false}
                        isHovered={false}
                        onClick={[Function]}
                      >
                        Logout
                      </Item>,
                    ]
                  }
                  isOpen={false}
                  isPlain={true}
                  onSelect={[Function]}
                  position="right"
                  toggle={
                    <Kebab
                      aria-label="Actions"
                      className=""
                      id=""
                      isActive={false}
                      isDisabled={false}
                      isFocused={false}
                      isHovered={false}
                      isOpen={false}
                      isPlain={false}
                      onToggle={[Function]}
                      parentRef={null}
                    />
                  }
                />
              </ToolbarItem>
            </ToolbarGroup>
          </Toolbar>
        }
        topNav={null}
      >
        <header
          className="pf-c-page__header cloudmeter-nav"
          role="banner"
          title="Cloud Meter"
        >
          <div
            className="pf-c-page__header-brand"
          >
            <a
              className="pf-c-page__header-brand-link"
            >
              <Brand
                alt="Cloud Meter Logo"
                className=""
                src="title.svg"
              >
                <img
                  alt="Cloud Meter Logo"
                  className="pf-c-brand"
                  src="title.svg"
                />
              </Brand>
            </a>
          </div>
          <div
            className="pf-c-page__header-tools"
          >
            <Toolbar
              className={null}
            >
              <div
                className="pf-l-toolbar"
              >
                <ToolbarGroup
                  className={null}
                >
                  <div
                    className="pf-l-toolbar__group"
                  >
                    <ToolbarItem
                      className={null}
                    >
                      <div
                        className="pf-l-toolbar__item"
                      >
                        <Dropdown
                          className=""
                          direction="down"
                          dropdownItems={
                            Array [
                              <Item
                                className=""
                                component="button"
                                href="#"
                                isDisabled={false}
                                isHovered={false}
                                onClick={[Function]}
                              >
                                About
                              </Item>,
                              <Item
                                className=""
                                component="button"
                                href="#"
                                isDisabled={false}
                                isHovered={false}
                                onClick={[Function]}
                              >
                                Logout
                              </Item>,
                            ]
                          }
                          isOpen={false}
                          isPlain={true}
                          onSelect={[Function]}
                          position="right"
                          toggle={
                            <Kebab
                              aria-label="Actions"
                              className=""
                              id=""
                              isActive={false}
                              isDisabled={false}
                              isFocused={false}
                              isHovered={false}
                              isOpen={false}
                              isPlain={false}
                              onToggle={[Function]}
                              parentRef={null}
                            />
                          }
                        >
                          <div
                            className="pf-c-dropdown"
                          >
                            <Kebab
                              aria-label="Actions"
                              ariaHasPopup={true}
                              className=""
                              id="pf-toggle-id-4"
                              isActive={false}
                              isDisabled={false}
                              isFocused={false}
                              isHovered={false}
                              isOpen={false}
                              isPlain={true}
                              key=".0"
                              onEnter={[Function]}
                              onToggle={[Function]}
                              parentRef={
                                <div
                                  class="pf-c-dropdown"
                                >
                                  <button
                                    aria-expanded="false"
                                    aria-haspopup="true"
                                    aria-label="Actions"
                                    class="pf-c-dropdown__toggle pf-m-plain"
                                    id="pf-toggle-id-4"
                                    type="button"
                                  >
                                    <svg
                                      aria-hidden="true"
                                      fill="currentColor"
                                      height="1em"
                                      role="img"
                                      style="vertical-align: -0.125em;"
                                      viewBox="0 0 192 512"
                                      width="1em"
                                    >
                                      <path
                                        d="M96 184c39.8 0 72 32.2 72 72s-32.2 72-72 72-72-32.2-72-72 32.2-72 72-72zM24 80c0 39.8 32.2 72 72 72s72-32.2 72-72S135.8 8 96 8 24 40.2 24 80zm0 352c0 39.8 32.2 72 72 72s72-32.2 72-72-32.2-72-72-72-72 32.2-72 72z"
                                        transform=""
                                      />
                                    </svg>
                                  </button>
                                </div>
                              }
                            >
                              <DropdownToggle
                                aria-label="Actions"
                                ariaHasPopup={true}
                                className=""
                                id="pf-toggle-id-4"
                                isActive={false}
                                isDisabled={false}
                                isFocused={false}
                                isHovered={false}
                                isOpen={false}
                                isPlain={true}
                                onEnter={[Function]}
                                onToggle={[Function]}
                                parentRef={
                                  <div
                                    class="pf-c-dropdown"
                                  >
                                    <button
                                      aria-expanded="false"
                                      aria-haspopup="true"
                                      aria-label="Actions"
                                      class="pf-c-dropdown__toggle pf-m-plain"
                                      id="pf-toggle-id-4"
                                      type="button"
                                    >
                                      <svg
                                        aria-hidden="true"
                                        fill="currentColor"
                                        height="1em"
                                        role="img"
                                        style="vertical-align: -0.125em;"
                                        viewBox="0 0 192 512"
                                        width="1em"
                                      >
                                        <path
                                          d="M96 184c39.8 0 72 32.2 72 72s-32.2 72-72 72-72-32.2-72-72 32.2-72 72-72zM24 80c0 39.8 32.2 72 72 72s72-32.2 72-72S135.8 8 96 8 24 40.2 24 80zm0 352c0 39.8 32.2 72 72 72s72-32.2 72-72-32.2-72-72-72-72 32.2-72 72z"
                                          transform=""
                                        />
                                      </svg>
                                    </button>
                                  </div>
                                }
                              >
                                <button
                                  aria-expanded={false}
                                  aria-haspopup={true}
                                  aria-label="Actions"
                                  className="pf-c-dropdown__toggle pf-m-plain"
                                  disabled={false}
                                  id="pf-toggle-id-4"
                                  onClick={[Function]}
                                  onKeyDown={[Function]}
                                  type="button"
                                >
                                  <EllipsisVIcon
                                    color="currentColor"
                                    size="sm"
                                    title={null}
                                  >
                                    <svg
                                      aria-hidden={true}
                                      aria-labelledby={null}
                                      fill="currentColor"
                                      height="1em"
                                      role="img"
                                      style={
                                        Object {
                                          "verticalAlign": "-0.125em",
                                        }
                                      }
                                      viewBox="0 0 192 512"
                                      width="1em"
                                    >
                                      <path
                                        d="M96 184c39.8 0 72 32.2 72 72s-32.2 72-72 72-72-32.2-72-72 32.2-72 72-72zM24 80c0 39.8 32.2 72 72 72s72-32.2 72-72S135.8 8 96 8 24 40.2 24 80zm0 352c0 39.8 32.2 72 72 72s72-32.2 72-72-32.2-72-72-72-72 32.2-72 72z"
                                        transform=""
                                      />
                                    </svg>
                                  </EllipsisVIcon>
                                </button>
                              </DropdownToggle>
                            </Kebab>
                          </div>
                        </Dropdown>
                      </div>
                    </ToolbarItem>
                  </div>
                </ToolbarGroup>
              </div>
            </Toolbar>
          </div>
        </header>
      </PageHeader>
      <main
        className="pf-c-page__main"
        role="main"
      >
        <PageSection
          className="cloudmeter-page-section"
          variant="default"
        >
          <section
            className="pf-c-page__main-section cloudmeter-page-section"
          >
            <div>
              test child
            </div>
          </section>
        </PageSection>
      </main>
    </div>
  </Page>
</PageLayout>
`;
