// Jest Snapshot v1, https://goo.gl/fbAQLP

exports[`Router Component should render a basic component 1`] = `
<div
  className="cloudmeter-content"
>
  <Switch>
    <Route
      component={[Function]}
      exact={true}
      key="/accounts"
      path="/accounts"
    />
    <Route
      component={[Function]}
      key="/accounts/:accountId"
      path="/accounts/:accountId"
    />
    <Redirect
      from="/"
      push={false}
      to="/accounts"
    />
  </Switch>
</div>
`;
