// Jest Snapshot v1, https://goo.gl/fbAQLP

exports[`AccountWizardStepRole Component should render a wizard policy step: unconnected 1`] = `
<form
  class=""
>
  <div
    class="form-group"
  >
    <div
      class="col-sm-12"
    >
      <ul>
        <li>
          In the 
          <strong>
            IAM
          </strong>
           console, create a new role.
        </li>
        <li>
          Choose 
          <strong>
            Another AWS Account
          </strong>
           as the trusted entity type.
        </li>
        <li>
          <p>
            Paste the following content into the 
            <strong>
              Account ID
            </strong>
             field.
          </p>
          <div
            aria-live="polite"
            class="cloudmeter-copy form-group"
          >
            <span
              class="input-group"
            >
              <input
                class="cloudmeter-copy-input false form-control"
                id="account-id"
                readonly=""
                type="text"
                value=""
              />
              <span
                class="input-group-btn"
              >
                <button
                  class="btn btn-default"
                  type="button"
                >
                  Copy
                </button>
              </span>
            </span>
          </div>
        </li>
        <li>
          In the permissions step, attach your new policy. Complete the process to create your new role.
        </li>
      </ul>
    </div>
  </div>
</form>
`;
