// Jest Snapshot v1, https://goo.gl/fbAQLP

exports[`AccountWizardStepPolicy Component should render a wizard policy step: connected 1`] = `
<Form
  bsClass="form"
  componentClass="form"
  horizontal={true}
  inline={false}
  onSubmit={[Function]}
>
  <FormField
    colField={9}
    colFieldClassName={null}
    colLabel={3}
    colLabelClassName={null}
    error={null}
    errorMessage={null}
    id={null}
    label={
      <div
        className="cloudmeter-label-nowrap"
      >
        Account Name 
        <FieldLevelHelp
          buttonClass=""
          close={true}
          content={
            <p>
              The name or alternative name for the account. Account names must be unique.
            </p>
          }
          placement="top"
          rootClose={true}
        />
      </div>
    }
  >
    <FormControl
      autoFocus={true}
      bsClass="form-control"
      componentClass="input"
      maxLength={256}
      name="accountName"
      onChange={[Function]}
      type="text"
      value=""
    />
  </FormField>
  <FormControl
    bsClass="form-control"
    componentClass="input"
    name="resourceType"
    type="hidden"
    value="AwsAccount"
  />
  <FormGroup
    bsClass="form-group"
  >
    <Col
      bsClass="col"
      className="padding-left"
      componentClass="div"
      sm={12}
    >
      <ul>
        <li>
          Sign in to the
           
          <a
            href="https://console.aws.amazon.com/iam"
            rel="noopener noreferrer"
            target="_blank"
          >
            AWS Identity Access Management
          </a>
           
          (IAM) console.
        </li>
        <li>
          <p>
            Create a new policy, pasting the following content into the JSON text box.
          </p>
          <CopyField
            expandDescription={null}
            id={null}
            label={
              <Icon
                name="paste"
                type="fa"
              />
            }
            labelClicked={
              <Icon
                name="check"
                type="fa"
              />
            }
            labelClickedDescription="Copied"
            labelDescription="Copy to Clipboard"
            multiline={true}
            resetTimer={8000}
            tooltipPlacement="top"
            value="{}"
          />
        </li>
        <li>
          Complete the process to create your new policy.
        </li>
      </ul>
    </Col>
  </FormGroup>
</Form>
`;
