// Jest Snapshot v1, https://goo.gl/fbAQLP

exports[`AccountImagesViewListItem Component should render 1`] = `
<div
  class="list-group-item list-view-pf-stacked"
>
  <div
    class="list-view-pf-main-info"
  >
    <div
      class="list-view-pf-body"
    >
      <div
        class="list-view-pf-description"
      >
        <div
          class="list-group-item-text"
        >
          <div
            class="cloudmeter-split-description"
          >
            <span
              class="cloudmeter-description-left"
            >
              <div
                class="list-group-item-heading"
              >
                Lorem test
              </div>
            </span>
            <span
              class="cloudmeter-description-right"
            />
          </div>
        </div>
      </div>
      <div
        class="list-view-pf-additional-info"
      >
        <div
          class="list-view-pf-additional-info-item"
        >
          <span
            aria-hidden="true"
            class="pficon pficon-screen cloudmeter-listview-infoitem"
          />
          <strong>
            -
          </strong>
           Instances
        </div>
        <div
          class="list-view-pf-additional-info-item cloudmeter-listview-infoitem"
        >
          <span
            aria-hidden="true"
            class="fa fa-clock-o"
          />
          <strong>
            -
          </strong>
           Hours
        </div>
        <div
          class="list-view-pf-additional-info-item cloudmeter-listview-label cloudmeter-listview-label-hidden"
        >
          <span
            class="label label-warning"
          >
            <abbr
              title="Red Hat Enterprise Linux"
            >
              RHEL
            </abbr>
          </span>
        </div>
        <div
          class="list-view-pf-additional-info-item cloudmeter-listview-label cloudmeter-listview-label-hidden"
        >
          <span
            class="label label-primary"
          >
            <abbr
              title="Red Hat OpenShift Container Platform"
            >
              RHOCP
            </abbr>
          </span>
        </div>
      </div>
    </div>
  </div>
</div>
`;
