// Jest Snapshot v1, https://goo.gl/fbAQLP

exports[`AccountImagesViewListItemDetail Component should render a connected component with default props: connected 1`] = `
<AccountImagesViewListItemDetail
  item={
    Object {
      "cloud_image_id": "ami-rhel7",
      "id": 2,
      "instances_seen": 2,
      "is_encrypted": false,
      "name": null,
      "openshift": false,
      "openshift_challenged": true,
      "openshift_detected": false,
      "rhel": true,
      "rhel_challenged": false,
      "rhel_detected": true,
      "runtime_seconds": 86400.5,
      "status": "inspected",
    }
  }
  updateAccountImageField={[Function]}
/>
`;

exports[`AccountImagesViewListItemDetail Component should render a non-connected component: non-connected 1`] = `
<div
  class="container-fluid"
>
  <div
    class="row"
  >
    <div
      class="col-xs-6"
    >
      <strong>
        Red Hat Enterprise Linux was detected
      </strong>
      <form
        class=""
      >
        <div
          class="form-group"
        >
          <div
            class="checkbox"
          >
            <label
              title=""
            >
              <input
                type="checkbox"
              />
              Flag for review 
            </label>
          </div>
        </div>
      </form>
    </div>
    <div
      class="col-xs-6"
    >
      <strong>
        Red Hat OpenShift Container Platform was not detected
      </strong>
      <form
        class=""
      >
        <div
          class="form-group"
        >
          <div
            class="checkbox"
          >
            <label
              title=""
            >
              <input
                checked=""
                type="checkbox"
              />
              Flagged for review 
              <span
                aria-hidden="true"
                class="fa fa-flag cloudmeter-pficon-error"
              />
            </label>
          </div>
        </div>
      </form>
    </div>
  </div>
</div>
`;
