// Jest Snapshot v1, https://goo.gl/fbAQLP

exports[`MastheadOptions Component should render 1`] = `
<nav
  className="collapse navbar-collapse"
>
  <ul
    className="navbar-iconic nav navbar-nav navbar-right"
  >
    <Uncontrolled(Dropdown)
      componentClass="li"
      id="help"
    >
      <DropdownToggle
        bsClass="dropdown-toggle"
        bsRole="toggle"
        className="nav-item-iconic"
        open={false}
        useAnchor={true}
      >
        <Icon
          name="help"
          type="pf"
        />
      </DropdownToggle>
      <DropdownMenu
        bsClass="dropdown-menu"
        bsRole="menu"
        pullRight={false}
      >
        <MenuItem
          bsClass="dropdown"
          disabled={false}
          divider={false}
          header={false}
          onClick={[Function]}
        >
          About
        </MenuItem>
      </DropdownMenu>
    </Uncontrolled(Dropdown)>
    <Uncontrolled(Dropdown)
      componentClass="li"
      id="user"
    >
      <DropdownToggle
        bsClass="dropdown-toggle"
        bsRole="toggle"
        className="nav-item-iconic"
        open={false}
        useAnchor={true}
      >
        <Icon
          name="user"
          type="pf"
        />
         
        Admin
      </DropdownToggle>
      <DropdownMenu
        bsClass="dropdown-menu"
        bsRole="menu"
        pullRight={false}
      >
        <MenuItem
          bsClass="dropdown"
          disabled={false}
          divider={false}
          header={false}
          onClick={[Function]}
        >
          Log out
        </MenuItem>
      </DropdownMenu>
    </Uncontrolled(Dropdown)>
  </ul>
</nav>
`;
