// Jest Snapshot v1, https://goo.gl/fbAQLP

exports[`AccountViewListItem Component should render 1`] = `
<div
  class="list-group-item"
>
  <div
    class="list-view-pf-actions"
  >
    <div />
  </div>
  <div
    class="list-view-pf-main-info"
  >
    <div
      class="list-view-pf-body"
    >
      <div
        class="list-view-pf-description"
      >
        <div
          class="list-group-item-text"
        >
          <div
            class="cloudmeter-split-description"
          >
            <span
              class="cloudmeter-description-left"
            >
              <div
                class="list-group-item-heading"
              >
                Lorem test
              </div>
            </span>
            <span
              class="cloudmeter-description-right"
            >
              Created 11:09AM, July 6th 2018
            </span>
          </div>
        </div>
      </div>
      <div
        class="list-view-pf-additional-info"
      >
        <div
          class="list-view-pf-additional-info-item cloudmeter-listview-infoitem"
        >
          <span
            aria-hidden="true"
            class="pficon pficon-cluster"
          />
          <strong>
            1
          </strong>
           Images
        </div>
        <div
          class="list-view-pf-additional-info-item cloudmeter-listview-infoitem"
        >
          <span
            aria-hidden="true"
            class="pficon pficon-screen"
          />
          <strong>
            2
          </strong>
           Instances
        </div>
        <div
          class="list-view-pf-additional-info-item cloudmeter-listview-label"
        >
          <strong>
            1
          </strong>
          <span
            class="label label-warning"
          >
            <abbr
              title="Red Hat Enterprise Linux"
            >
              RHEL
            </abbr>
          </span>
        </div>
        <div
          class="list-view-pf-additional-info-item cloudmeter-listview-label"
        >
          <strong>
            N/A
          </strong>
          <span
            class="label label-primary"
          >
            <abbr
              title="Red Hat OpenShift Container Platform"
            >
              RHOCP
            </abbr>
          </span>
        </div>
      </div>
    </div>
  </div>
</div>
`;
