// Jest Snapshot v1, https://goo.gl/fbAQLP

exports[`connected 1`] = `
<AccountView
  accounts={Array []}
  error={false}
  errorMessage={null}
  getAccounts={[Function]}
  pending={false}
/>
`;

exports[`empty state 1`] = `
<div
  class="container-fluid"
>
  <div
    class="row"
  >
    <div
      class="blank-slate-pf full-page-blank-slate fadein"
    >
      <div
        class="blank-slate-pf-icon"
      >
        <span
          aria-hidden="true"
          class="pficon pficon-add-circle-o"
        />
      </div>
      <h4
        class="h1 blank-slate-pf-title"
      >
        Welcome to Cloud Meter
      </h4>
      <p
        class="blank-slate-pf-info"
      >
        Add an AWS account to monitor usage.
      </p>
      <div
        class="blank-slate-pf-main-action"
      >
        <button
          class="btn btn-lg btn-primary"
          type="button"
        >
          Add Account
        </button>
      </div>
    </div>
  </div>
</div>
`;

exports[`list 1`] = `
<div
  class="cloudmeter-list-container"
>
  <div
    class="list-group list-view-pf list-view-pf-view quipicords-list-view"
  >
    <div
      class="list-group-item"
    >
      <div
        class="list-view-pf-actions"
      >
        <div>
          <div
            class="dropdown-kebab-pf dropdown btn-group"
          >
            <button
              aria-expanded="false"
              aria-haspopup="true"
              class="dropdown-toggle btn btn-link"
              id="account-item-menu-1"
              role="button"
              type="button"
            >
              <span
                aria-hidden="true"
                class="fa fa-ellipsis-v"
              />
            </button>
            <ul
              aria-labelledby="account-item-menu-1"
              class="dropdown-menu dropdown-menu-right"
              role="menu"
            >
              <li
                class=""
                role="presentation"
              >
                <a
                  href="#"
                  role="menuitem"
                  tabindex="-1"
                >
                  Edit Name
                </a>
              </li>
            </ul>
          </div>
        </div>
      </div>
      <div
        class="list-view-pf-main-info"
      >
        <div
          class="list-view-pf-body"
        >
          <div
            class="list-view-pf-description"
          >
            <div
              class="list-group-item-heading"
            >
              <div
                class="list-group-item-heading"
              >
                Lorem ipsum
              </div>
            </div>
          </div>
          <div
            class="list-view-pf-additional-info"
          >
            <div
              class="list-view-pf-additional-info-item"
            >
              <span
                aria-hidden="true"
                class="pficon pficon-cluster"
              />
              <strong>
                0
              </strong>
               Images
            </div>
            <div
              class="list-view-pf-additional-info-item"
            >
              <span
                aria-hidden="true"
                class="pficon pficon-screen"
              />
              <strong>
                0
              </strong>
               Instances
            </div>
            <div
              class="list-view-pf-additional-info-item"
            >
              <strong>
                0
              </strong>
              <span
                class="label label-primary"
              >
                <abbr
                  title="Red Hat Enterprise Linux"
                >
                  RHEL
                </abbr>
              </span>
            </div>
            <div
              class="list-view-pf-additional-info-item"
            >
              <strong>
                0
              </strong>
              <span
                class="label label-primary"
              >
                <abbr
                  title="Red Hat Open Stack"
                >
                  RHOS
                </abbr>
              </span>
            </div>
          </div>
        </div>
      </div>
    </div>
  </div>
</div>
`;
