// Jest Snapshot v1, https://goo.gl/fbAQLP

exports[`AccountImagesViewInstanceGraphs Component should render a connected component with default props: connected 1`] = `
<AccountViewInstanceGraphs
  dailyUsage={Array []}
  error={false}
  filter={
    Object {
      "query": Object {},
    }
  }
  fulfilled={false}
  getAccountInstances={[Function]}
  instancesOpenshift={0}
  instancesRhel={0}
  pending={false}
  updateInstances={false}
/>
`;

exports[`AccountImagesViewInstanceGraphs Component should render a non-connected component: non-connected 1`] = `
<div
  class="container-cards-pf container"
>
  <div
    class=""
  >
    <div
      class="row"
    >
      <div
        class="col-sm-4"
      />
      <div
        class="col-sm-4"
      />
      <div
        class="col-sm-4"
      />
    </div>
  </div>
</div>
`;
